
> sweet-shop-backend@1.0.0 test
> jest

[0mGET /health [32m200[0m 4.947 ms - 54[0m
[0mGET /api/sweets [32m200[0m 7.127 ms - 2[0m
[0mPOST /api/sweets [33m403[0m 2.984 ms - 33[0m
[0mPOST /api/sweets [32m201[0m 10.330 ms - 173[0m
[0mPOST /api/sweets/13/purchase [32m200[0m 14.163 ms - 172[0m
[0mPOST /api/auth/register [32m201[0m 117.412 ms - 87[0m
[0mPOST /api/sweets/13/purchase [33m400[0m 17.484 ms - 24[0m
[0mPOST /api/sweets/13/restock [33m403[0m 0.736 ms - 33[0m
[0mPOST /api/sweets/13/restock [32m200[0m 6.011 ms - 173[0m
[0mGET /api/sweets/search?q=SearchMe [32m200[0m 4.613 ms - 166[0m
[0mPUT /api/sweets/14 [32m200[0m 6.305 ms - 167[0m
[0mPUT /api/sweets/14 [33m403[0m 0.659 ms - 33[0m
[0mDELETE /api/sweets/14 [32m200[0m 5.913 ms - 27[0m
[0mPOST /api/auth/login [32m200[0m 82.387 ms - 231[0m
[0mPOST /api/auth/register [32m201[0m 87.577 ms - 91[0m
[0mPOST /api/auth/login [33m401[0m 77.130 ms - 31[0m
[0mPOST /api/auth/login [33m401[0m 3.838 ms - 31[0m
